gplink-1.1.0
Map File - Created 8-15-2019  18:01:19
 
                                 Section Info
                  Section       Type    Address   Location Size(Bytes)
                ---------  ---------  ---------  ---------  ---------
                  STARTUP       code   00000000    program   0x000008
               func._main       code   0x007000    program   0x000074
           func._SYS_Init       code   0x00703a    program   0x000074
           func._delay_ms       code   0x007074    program   0x00004a
          _sartup_A100GQT       code   0x007099    program   0x00004a
                   .cinit       code   0x0070be    program   0x000022
                 INIT_IMP       code   0x0070cf    program   0x000010
    func.__gsinit_startup       code   0x0070d7    program   0x000010
                  .config       code   0x008007    program   0x000004
            sharebankTRAP      idata   0x000073       data   0x000005
      UD_abs_KF8A100GQT_0      udata   00000000       data   0x000001
      UD_abs_KF8A100GQT_1      udata   0x000001       data   0x000001
      UD_abs_KF8A100GQT_2      udata   0x000002       data   0x000001
      UD_abs_KF8A100GQT_3      udata   0x000003       data   0x000001
      UD_abs_KF8A100GQT_4      udata   0x000004       data   0x000001
      UD_abs_KF8A100GQT_5      udata   0x000005       data   0x000001
      UD_abs_KF8A100GQT_6      udata   0x000006       data   0x000001
      UD_abs_KF8A100GQT_7      udata   0x000007       data   0x000001
      UD_abs_KF8A100GQT_8      udata   0x000008       data   0x000001
      UD_abs_KF8A100GQT_9      udata   0x000009       data   0x000001
      UD_abs_KF8A100GQT_a      udata   0x00000a       data   0x000001
      UD_abs_KF8A100GQT_b      udata   0x00000b       data   0x000001
      UD_abs_KF8A100GQT_c      udata   0x00000c       data   0x000001
      UD_abs_KF8A100GQT_d      udata   0x00000d       data   0x000001
      UD_abs_KF8A100GQT_e      udata   0x00000e       data   0x000001
      UD_abs_KF8A100GQT_f      udata   0x00000f       data   0x000001
     UD_abs_KF8A100GQT_10      udata   0x000010       data   0x000001
     UD_abs_KF8A100GQT_11      udata   0x000011       data   0x000001
     UD_abs_KF8A100GQT_12      udata   0x000012       data   0x000001
     UD_abs_KF8A100GQT_13      udata   0x000013       data   0x000001
     UD_abs_KF8A100GQT_15      udata   0x000015       data   0x000001
     UD_abs_KF8A100GQT_16      udata   0x000016       data   0x000001
     UD_abs_KF8A100GQT_17      udata   0x000017       data   0x000001
     UD_abs_KF8A100GQT_19      udata   0x000019       data   0x000001
     UD_abs_KF8A100GQT_1a      udata   0x00001a       data   0x000001
     UD_abs_KF8A100GQT_1d      udata   0x00001d       data   0x000001
     UD_abs_KF8A100GQT_1e      udata   0x00001e       data   0x000001
     UD_abs_KF8A100GQT_1f      udata   0x00001f       data   0x000001
     UD_abs_KF8A100GQT_21      udata   0x000021       data   0x000001
     UD_abs_KF8A100GQT_22      udata   0x000022       data   0x000001
     UD_abs_KF8A100GQT_23      udata   0x000023       data   0x000001
     UD_abs_KF8A100GQT_24      udata   0x000024       data   0x000001
     UD_abs_KF8A100GQT_25      udata   0x000025       data   0x000001
     UD_abs_KF8A100GQT_26      udata   0x000026       data   0x000001
     UD_abs_KF8A100GQT_27      udata   0x000027       data   0x000001
     UD_abs_KF8A100GQT_28      udata   0x000028       data   0x000001
     UD_abs_KF8A100GQT_29      udata   0x000029       data   0x000001
     UD_abs_KF8A100GQT_2b      udata   0x00002b       data   0x000001
     UD_abs_KF8A100GQT_2c      udata   0x00002c       data   0x000001
     UD_abs_KF8A100GQT_2d      udata   0x00002d       data   0x000001
     UD_abs_KF8A100GQT_2e      udata   0x00002e       data   0x000001
     UD_abs_KF8A100GQT_30      udata   0x000030       data   0x000001
     UD_abs_KF8A100GQT_31      udata   0x000031       data   0x000001
     UD_abs_KF8A100GQT_32      udata   0x000032       data   0x000001
     UD_abs_KF8A100GQT_33      udata   0x000033       data   0x000001
     UD_abs_KF8A100GQT_35      udata   0x000035       data   0x000001
     UD_abs_KF8A100GQT_36      udata   0x000036       data   0x000001
     UD_abs_KF8A100GQT_37      udata   0x000037       data   0x000001
     UD_abs_KF8A100GQT_38      udata   0x000038       data   0x000001
     UD_abs_KF8A100GQT_39      udata   0x000039       data   0x000001
     UD_abs_KF8A100GQT_3a      udata   0x00003a       data   0x000001
     UD_abs_KF8A100GQT_3b      udata   0x00003b       data   0x000001
     UD_abs_KF8A100GQT_3c      udata   0x00003c       data   0x000001
     UD_abs_KF8A100GQT_3d      udata   0x00003d       data   0x000001
     UD_abs_KF8A100GQT_3e      udata   0x00003e       data   0x000001
     UD_abs_KF8A100GQT_3f      udata   0x00003f       data   0x000001
     UD_abs_KF8A100GQT_40      udata   0x000040       data   0x000001
     UD_abs_KF8A100GQT_41      udata   0x000041       data   0x000001
     UD_abs_KF8A100GQT_42      udata   0x000042       data   0x000001
     UD_abs_KF8A100GQT_43      udata   0x000043       data   0x000001
     UD_abs_KF8A100GQT_44      udata   0x000044       data   0x000001
     UD_abs_KF8A100GQT_45      udata   0x000045       data   0x000001
     UD_abs_KF8A100GQT_46      udata   0x000046       data   0x000001
     UD_abs_KF8A100GQT_47      udata   0x000047       data   0x000001
     UD_abs_KF8A100GQT_48      udata   0x000048       data   0x000001
     UD_abs_KF8A100GQT_49      udata   0x000049       data   0x000001
     UD_abs_KF8A100GQT_4a      udata   0x00004a       data   0x000001
     UD_abs_KF8A100GQT_4b      udata   0x00004b       data   0x000001
     UD_abs_KF8A100GQT_4c      udata   0x00004c       data   0x000001
     UD_abs_KF8A100GQT_4d      udata   0x00004d       data   0x000001
     UD_abs_KF8A100GQT_4e      udata   0x00004e       data   0x000001
     UD_abs_KF8A100GQT_4f      udata   0x00004f       data   0x000001
     UD_abs_KF8A100GQT_50      udata   0x000050       data   0x000001
     UD_abs_KF8A100GQT_51      udata   0x000051       data   0x000001
     UD_abs_KF8A100GQT_52      udata   0x000052       data   0x000001
     UD_abs_KF8A100GQT_53      udata   0x000053       data   0x000001
     UD_abs_KF8A100GQT_54      udata   0x000054       data   0x000001
     UD_abs_KF8A100GQT_55      udata   0x000055       data   0x000001
     UD_abs_KF8A100GQT_56      udata   0x000056       data   0x000001
     UD_abs_KF8A100GQT_57      udata   0x000057       data   0x000001
     UD_abs_KF8A100GQT_5d      udata   0x00005d       data   0x000001
     UD_abs_KF8A100GQT_5e      udata   0x00005e       data   0x000001
     UD_abs_KF8A100GQT_60      udata   0x000060       data   0x000001
     UD_abs_KF8A100GQT_62      udata   0x000062       data   0x000001
     UD_abs_KF8A100GQT_63      udata   0x000063       data   0x000001
     UD_abs_KF8A100GQT_64      udata   0x000064       data   0x000001
     UD_abs_KF8A100GQT_65      udata   0x000065       data   0x000001
     UD_abs_KF8A100GQT_68      udata   0x000068       data   0x000001
     UD_abs_KF8A100GQT_69      udata   0x000069       data   0x000001
     UD_abs_KF8A100GQT_6a      udata   0x00006a       data   0x000001
     UD_abs_KF8A100GQT_6b      udata   0x00006b       data   0x000001
               UDL_main_8      udata   0x000080       data   0x000001
               UDL_main_7      udata   0x000081       data   0x000001
               UDL_main_6      udata   0x000082       data   0x000001
               UDL_main_5      udata   0x000083       data   0x000001
               UDL_main_4      udata   0x000084       data   0x000001
               UDL_main_3      udata   0x000085       data   0x000001
               UDL_main_2      udata   0x000086       data   0x000001
               UDL_main_1      udata   0x000087       data   0x000001
               UDL_main_0      udata   0x000088       data   0x000001
                sharebank      udata   0x000089       data   0x000014
    UD_abs_KF8A100GQT_105      udata   0x000105       data   0x000001
    UD_abs_KF8A100GQT_106      udata   0x000106       data   0x000001
    UD_abs_KF8A100GQT_107      udata   0x000107       data   0x000001
    UD_abs_KF8A100GQT_109      udata   0x000109       data   0x000001
    UD_abs_KF8A100GQT_10c      udata   0x00010c       data   0x000001
    UD_abs_KF8A100GQT_10d      udata   0x00010d       data   0x000001
    UD_abs_KF8A100GQT_10e      udata   0x00010e       data   0x000001
    UD_abs_KF8A100GQT_10f      udata   0x00010f       data   0x000001
    UD_abs_KF8A100GQT_110      udata   0x000110       data   0x000001
    UD_abs_KF8A100GQT_111      udata   0x000111       data   0x000001
    UD_abs_KF8A100GQT_112      udata   0x000112       data   0x000001
    UD_abs_KF8A100GQT_113      udata   0x000113       data   0x000001
    UD_abs_KF8A100GQT_114      udata   0x000114       data   0x000001
    UD_abs_KF8A100GQT_115      udata   0x000115       data   0x000001
    UD_abs_KF8A100GQT_116      udata   0x000116       data   0x000001
    UD_abs_KF8A100GQT_118      udata   0x000118       data   0x000001
    UD_abs_KF8A100GQT_119      udata   0x000119       data   0x000001
    UD_abs_KF8A100GQT_11a      udata   0x00011a       data   0x000001
    UD_abs_KF8A100GQT_11b      udata   0x00011b       data   0x000001
    UD_abs_KF8A100GQT_11c      udata   0x00011c       data   0x000001
    UD_abs_KF8A100GQT_123      udata   0x000123       data   0x000001
    UD_abs_KF8A100GQT_124      udata   0x000124       data   0x000001
    UD_abs_KF8A100GQT_125      udata   0x000125       data   0x000001
    UD_abs_KF8A100GQT_126      udata   0x000126       data   0x000001
    UD_abs_KF8A100GQT_127      udata   0x000127       data   0x000001
    UD_abs_KF8A100GQT_129      udata   0x000129       data   0x000001
    UD_abs_KF8A100GQT_12a      udata   0x00012a       data   0x000001
    UD_abs_KF8A100GQT_12b      udata   0x00012b       data   0x000001
    UD_abs_KF8A100GQT_12c      udata   0x00012c       data   0x000001
    UD_abs_KF8A100GQT_12d      udata   0x00012d       data   0x000001
    UD_abs_KF8A100GQT_12e      udata   0x00012e       data   0x000001
    UD_abs_KF8A100GQT_12f      udata   0x00012f       data   0x000001
    UD_abs_KF8A100GQT_130      udata   0x000130       data   0x000001
    UD_abs_KF8A100GQT_131      udata   0x000131       data   0x000001
    UD_abs_KF8A100GQT_132      udata   0x000132       data   0x000001
    UD_abs_KF8A100GQT_133      udata   0x000133       data   0x000001
    UD_abs_KF8A100GQT_134      udata   0x000134       data   0x000001
    UD_abs_KF8A100GQT_135      udata   0x000135       data   0x000001
    UD_abs_KF8A100GQT_136      udata   0x000136       data   0x000001
    UD_abs_KF8A100GQT_137      udata   0x000137       data   0x000001
    UD_abs_KF8A100GQT_138      udata   0x000138       data   0x000001
    UD_abs_KF8A100GQT_139      udata   0x000139       data   0x000001
    UD_abs_KF8A100GQT_13a      udata   0x00013a       data   0x000001
    UD_abs_KF8A100GQT_13b      udata   0x00013b       data   0x000001
    UD_abs_KF8A100GQT_13c      udata   0x00013c       data   0x000001
    UD_abs_KF8A100GQT_13d      udata   0x00013d       data   0x000001
    UD_abs_KF8A100GQT_13e      udata   0x00013e       data   0x000001
    UD_abs_KF8A100GQT_13f      udata   0x00013f       data   0x000001
    UD_abs_KF8A100GQT_140      udata   0x000140       data   0x000001
    UD_abs_KF8A100GQT_141      udata   0x000141       data   0x000001
    UD_abs_KF8A100GQT_142      udata   0x000142       data   0x000001
    UD_abs_KF8A100GQT_145      udata   0x000145       data   0x000001
    UD_abs_KF8A100GQT_146      udata   0x000146       data   0x000001
    UD_abs_KF8A100GQT_147      udata   0x000147       data   0x000001
    UD_abs_KF8A100GQT_149      udata   0x000149       data   0x000001
    UD_abs_KF8A100GQT_14a      udata   0x00014a       data   0x000001
    UD_abs_KF8A100GQT_14b      udata   0x00014b       data   0x000001
    UD_abs_KF8A100GQT_14c      udata   0x00014c       data   0x000001
    UD_abs_KF8A100GQT_14d      udata   0x00014d       data   0x000001
    UD_abs_KF8A100GQT_14e      udata   0x00014e       data   0x000001
    UD_abs_KF8A100GQT_14f      udata   0x00014f       data   0x000001
    UD_abs_KF8A100GQT_151      udata   0x000151       data   0x000001
    UD_abs_KF8A100GQT_152      udata   0x000152       data   0x000001
    UD_abs_KF8A100GQT_154      udata   0x000154       data   0x000001
    UD_abs_KF8A100GQT_155      udata   0x000155       data   0x000001
    UD_abs_KF8A100GQT_156      udata   0x000156       data   0x000001
    UD_abs_KF8A100GQT_157      udata   0x000157       data   0x000001
    UD_abs_KF8A100GQT_158      udata   0x000158       data   0x000001
    UD_abs_KF8A100GQT_159      udata   0x000159       data   0x000001
    UD_abs_KF8A100GQT_15a      udata   0x00015a       data   0x000001
    UD_abs_KF8A100GQT_160      udata   0x000160       data   0x000001
    UD_abs_KF8A100GQT_163      udata   0x000163       data   0x000001
    UD_abs_KF8A100GQT_164      udata   0x000164       data   0x000001
    UD_abs_KF8A100GQT_165      udata   0x000165       data   0x000001
    UD_abs_KF8A100GQT_166      udata   0x000166       data   0x000001
    UD_abs_KF8A100GQT_167      udata   0x000167       data   0x000001
    UD_abs_KF8A100GQT_168      udata   0x000168       data   0x000001
    UD_abs_KF8A100GQT_169      udata   0x000169       data   0x000001
    UD_abs_KF8A100GQT_16a      udata   0x00016a       data   0x000001
    UD_abs_KF8A100GQT_16b      udata   0x00016b       data   0x000001
    UD_abs_KF8A100GQT_16c      udata   0x00016c       data   0x000001
    UD_abs_KF8A100GQT_16d      udata   0x00016d       data   0x000001
    UD_abs_KF8A100GQT_205      udata   0x000205       data   0x000001
    UD_abs_KF8A100GQT_206      udata   0x000206       data   0x000001
    UD_abs_KF8A100GQT_207      udata   0x000207       data   0x000001
    UD_abs_KF8A100GQT_208      udata   0x000208       data   0x000001
    UD_abs_KF8A100GQT_209      udata   0x000209       data   0x000001
    UD_abs_KF8A100GQT_20c      udata   0x00020c       data   0x000001
    UD_abs_KF8A100GQT_20d      udata   0x00020d       data   0x000001
    UD_abs_KF8A100GQT_20e      udata   0x00020e       data   0x000001
    UD_abs_KF8A100GQT_20f      udata   0x00020f       data   0x000001
    UD_abs_KF8A100GQT_210      udata   0x000210       data   0x000001
    UD_abs_KF8A100GQT_211      udata   0x000211       data   0x000001
    UD_abs_KF8A100GQT_212      udata   0x000212       data   0x000001
    UD_abs_KF8A100GQT_213      udata   0x000213       data   0x000001
    UD_abs_KF8A100GQT_214      udata   0x000214       data   0x000001
    UD_abs_KF8A100GQT_215      udata   0x000215       data   0x000001
    UD_abs_KF8A100GQT_216      udata   0x000216       data   0x000001
    UD_abs_KF8A100GQT_218      udata   0x000218       data   0x000001
    UD_abs_KF8A100GQT_219      udata   0x000219       data   0x000001
    UD_abs_KF8A100GQT_21a      udata   0x00021a       data   0x000001
    UD_abs_KF8A100GQT_21b      udata   0x00021b       data   0x000001
    UD_abs_KF8A100GQT_21c      udata   0x00021c       data   0x000001
    UD_abs_KF8A100GQT_21d      udata   0x00021d       data   0x000001
    UD_abs_KF8A100GQT_21e      udata   0x00021e       data   0x000001
    UD_abs_KF8A100GQT_21f      udata   0x00021f       data   0x000001
    UD_abs_KF8A100GQT_22a      udata   0x00022a       data   0x000001
    UD_abs_KF8A100GQT_231      udata   0x000231       data   0x000001
    UD_abs_KF8A100GQT_232      udata   0x000232       data   0x000001
    UD_abs_KF8A100GQT_233      udata   0x000233       data   0x000001
    UD_abs_KF8A100GQT_234      udata   0x000234       data   0x000001
    UD_abs_KF8A100GQT_235      udata   0x000235       data   0x000001
    UD_abs_KF8A100GQT_236      udata   0x000236       data   0x000001
    UD_abs_KF8A100GQT_237      udata   0x000237       data   0x000001
    UD_abs_KF8A100GQT_238      udata   0x000238       data   0x000001
    UD_abs_KF8A100GQT_239      udata   0x000239       data   0x000001
    UD_abs_KF8A100GQT_23a      udata   0x00023a       data   0x000001
    UD_abs_KF8A100GQT_23b      udata   0x00023b       data   0x000001
    UD_abs_KF8A100GQT_23c      udata   0x00023c       data   0x000001
    UD_abs_KF8A100GQT_240      udata   0x000240       data   0x000001
    UD_abs_KF8A100GQT_241      udata   0x000241       data   0x000001
    UD_abs_KF8A100GQT_242      udata   0x000242       data   0x000001
    UD_abs_KF8A100GQT_243      udata   0x000243       data   0x000001
    UD_abs_KF8A100GQT_244      udata   0x000244       data   0x000001
    UD_abs_KF8A100GQT_245      udata   0x000245       data   0x000001
    UD_abs_KF8A100GQT_246      udata   0x000246       data   0x000001
    UD_abs_KF8A100GQT_247      udata   0x000247       data   0x000001
    UD_abs_KF8A100GQT_248      udata   0x000248       data   0x000001
    UD_abs_KF8A100GQT_249      udata   0x000249       data   0x000001
    UD_abs_KF8A100GQT_24a      udata   0x00024a       data   0x000001
    UD_abs_KF8A100GQT_24b      udata   0x00024b       data   0x000001
    UD_abs_KF8A100GQT_24c      udata   0x00024c       data   0x000001
    UD_abs_KF8A100GQT_24d      udata   0x00024d       data   0x000001
    UD_abs_KF8A100GQT_24e      udata   0x00024e       data   0x000001
    UD_abs_KF8A100GQT_24f      udata   0x00024f       data   0x000001
    UD_abs_KF8A100GQT_250      udata   0x000250       data   0x000001
    UD_abs_KF8A100GQT_251      udata   0x000251       data   0x000001
    UD_abs_KF8A100GQT_252      udata   0x000252       data   0x000001
    UD_abs_KF8A100GQT_253      udata   0x000253       data   0x000001
    UD_abs_KF8A100GQT_254      udata   0x000254       data   0x000001
    UD_abs_KF8A100GQT_255      udata   0x000255       data   0x000001
    UD_abs_KF8A100GQT_256      udata   0x000256       data   0x000001
    UD_abs_KF8A100GQT_257      udata   0x000257       data   0x000001
    UD_abs_KF8A100GQT_258      udata   0x000258       data   0x000001
    UD_abs_KF8A100GQT_259      udata   0x000259       data   0x000001
    UD_abs_KF8A100GQT_25a      udata   0x00025a       data   0x000001
    UD_abs_KF8A100GQT_25b      udata   0x00025b       data   0x000001
    UD_abs_KF8A100GQT_25c      udata   0x00025c       data   0x000001
    UD_abs_KF8A100GQT_25d      udata   0x00025d       data   0x000001
    UD_abs_KF8A100GQT_25e      udata   0x00025e       data   0x000001
    UD_abs_KF8A100GQT_25f      udata   0x00025f       data   0x000001
    UD_abs_KF8A100GQT_318      udata   0x000318       data   0x000001
    UD_abs_KF8A100GQT_319      udata   0x000319       data   0x000001
    UD_abs_KF8A100GQT_31c      udata   0x00031c       data   0x000001
    UD_abs_KF8A100GQT_31d      udata   0x00031d       data   0x000001
    UD_abs_KF8A100GQT_31e      udata   0x00031e       data   0x000001
    UD_abs_KF8A100GQT_31f      udata   0x00031f       data   0x000001
    UD_abs_KF8A100GQT_320      udata   0x000320       data   0x000001
    UD_abs_KF8A100GQT_321      udata   0x000321       data   0x000001
    UD_abs_KF8A100GQT_322      udata   0x000322       data   0x000001
    UD_abs_KF8A100GQT_323      udata   0x000323       data   0x000001
    UD_abs_KF8A100GQT_324      udata   0x000324       data   0x000001
    UD_abs_KF8A100GQT_325      udata   0x000325       data   0x000001
    UD_abs_KF8A100GQT_326      udata   0x000326       data   0x000001
    UD_abs_KF8A100GQT_327      udata   0x000327       data   0x000001
    UD_abs_KF8A100GQT_328      udata   0x000328       data   0x000001
    UD_abs_KF8A100GQT_32c      udata   0x00032c       data   0x000001
    UD_abs_KF8A100GQT_32d      udata   0x00032d       data   0x000001
    UD_abs_KF8A100GQT_32e      udata   0x00032e       data   0x000001
    UD_abs_KF8A100GQT_32f      udata   0x00032f       data   0x000001
    UD_abs_KF8A100GQT_360      udata   0x000360       data   0x000001
    UD_abs_KF8A100GQT_361      udata   0x000361       data   0x000001
    UD_abs_KF8A100GQT_362      udata   0x000362       data   0x000001
    UD_abs_KF8A100GQT_363      udata   0x000363       data   0x000001
    UD_abs_KF8A100GQT_364      udata   0x000364       data   0x000001
    UD_abs_KF8A100GQT_365      udata   0x000365       data   0x000001
    UD_abs_KF8A100GQT_366      udata   0x000366       data   0x000001
    UD_abs_KF8A100GQT_368      udata   0x000368       data   0x000001
    UD_abs_KF8A100GQT_410      udata   0x000410       data   0x000001
    UD_abs_KF8A100GQT_411      udata   0x000411       data   0x000001
    UD_abs_KF8A100GQT_412      udata   0x000412       data   0x000001
    UD_abs_KF8A100GQT_413      udata   0x000413       data   0x000001
    UD_abs_KF8A100GQT_414      udata   0x000414       data   0x000001
    UD_abs_KF8A100GQT_415      udata   0x000415       data   0x000001
    UD_abs_KF8A100GQT_416      udata   0x000416       data   0x000001
    UD_abs_KF8A100GQT_418      udata   0x000418       data   0x000001
    UD_abs_KF8A100GQT_419      udata   0x000419       data   0x000001
    UD_abs_KF8A100GQT_41a      udata   0x00041a       data   0x000001
    UD_abs_KF8A100GQT_41b      udata   0x00041b       data   0x000001
    UD_abs_KF8A100GQT_41c      udata   0x00041c       data   0x000001
    UD_abs_KF8A100GQT_41d      udata   0x00041d       data   0x000001
    UD_abs_KF8A100GQT_41e      udata   0x00041e       data   0x000001
    UD_abs_KF8A100GQT_424      udata   0x000424       data   0x000001
    UD_abs_KF8A100GQT_425      udata   0x000425       data   0x000001
    UD_abs_KF8A100GQT_426      udata   0x000426       data   0x000001
    UD_abs_KF8A100GQT_427      udata   0x000427       data   0x000001
    UD_abs_KF8A100GQT_428      udata   0x000428       data   0x000001
    UD_abs_KF8A100GQT_429      udata   0x000429       data   0x000001
    UD_abs_KF8A100GQT_42a      udata   0x00042a       data   0x000001
    UD_abs_KF8A100GQT_42b      udata   0x00042b       data   0x000001
    UD_abs_KF8A100GQT_42c      udata   0x00042c       data   0x000001
    UD_abs_KF8A100GQT_42d      udata   0x00042d       data   0x000001
    UD_abs_KF8A100GQT_430      udata   0x000430       data   0x000001
    UD_abs_KF8A100GQT_431      udata   0x000431       data   0x000001
    UD_abs_KF8A100GQT_432      udata   0x000432       data   0x000001
    UD_abs_KF8A100GQT_433      udata   0x000433       data   0x000001
    UD_abs_KF8A100GQT_434      udata   0x000434       data   0x000001
    UD_abs_KF8A100GQT_435      udata   0x000435       data   0x000001
    UD_abs_KF8A100GQT_436      udata   0x000436       data   0x000001
    UD_abs_KF8A100GQT_438      udata   0x000438       data   0x000001
    UD_abs_KF8A100GQT_439      udata   0x000439       data   0x000001
    UD_abs_KF8A100GQT_43a      udata   0x00043a       data   0x000001
    UD_abs_KF8A100GQT_440      udata   0x000440       data   0x000001
    UD_abs_KF8A100GQT_441      udata   0x000441       data   0x000001
    UD_abs_KF8A100GQT_442      udata   0x000442       data   0x000001
    UD_abs_KF8A100GQT_443      udata   0x000443       data   0x000001
    UD_abs_KF8A100GQT_444      udata   0x000444       data   0x000001
    UD_abs_KF8A100GQT_445      udata   0x000445       data   0x000001
    UD_abs_KF8A100GQT_446      udata   0x000446       data   0x000001
    UD_abs_KF8A100GQT_447      udata   0x000447       data   0x000001
    UD_abs_KF8A100GQT_448      udata   0x000448       data   0x000001
    UD_abs_KF8A100GQT_449      udata   0x000449       data   0x000001
    UD_abs_KF8A100GQT_44a      udata   0x00044a       data   0x000001
    UD_abs_KF8A100GQT_44b      udata   0x00044b       data   0x000001
    UD_abs_KF8A100GQT_44c      udata   0x00044c       data   0x000001
    UD_abs_KF8A100GQT_44d      udata   0x00044d       data   0x000001
    UD_abs_KF8A100GQT_44e      udata   0x00044e       data   0x000001
    UD_abs_KF8A100GQT_44f      udata   0x00044f       data   0x000001
    UD_abs_KF8A100GQT_450      udata   0x000450       data   0x000001
    UD_abs_KF8A100GQT_451      udata   0x000451       data   0x000001
    UD_abs_KF8A100GQT_452      udata   0x000452       data   0x000001
    UD_abs_KF8A100GQT_453      udata   0x000453       data   0x000001
    UD_abs_KF8A100GQT_454      udata   0x000454       data   0x000001
    UD_abs_KF8A100GQT_455      udata   0x000455       data   0x000001
    UD_abs_KF8A100GQT_456      udata   0x000456       data   0x000001
    UD_abs_KF8A100GQT_457      udata   0x000457       data   0x000001
    UD_abs_KF8A100GQT_458      udata   0x000458       data   0x000001
    UD_abs_KF8A100GQT_459      udata   0x000459       data   0x000001
    UD_abs_KF8A100GQT_45a      udata   0x00045a       data   0x000001
    UD_abs_KF8A100GQT_45b      udata   0x00045b       data   0x000001
    UD_abs_KF8A100GQT_45c      udata   0x00045c       data   0x000001
    UD_abs_KF8A100GQT_45d      udata   0x00045d       data   0x000001
    UD_abs_KF8A100GQT_45e      udata   0x00045e       data   0x000001
    UD_abs_KF8A100GQT_45f      udata   0x00045f       data   0x000001
    UD_abs_KF8A100GQT_460      udata   0x000460       data   0x000001
    UD_abs_KF8A100GQT_461      udata   0x000461       data   0x000001
    UD_abs_KF8A100GQT_462      udata   0x000462       data   0x000001
    UD_abs_KF8A100GQT_463      udata   0x000463       data   0x000001
    UD_abs_KF8A100GQT_464      udata   0x000464       data   0x000001
    UD_abs_KF8A100GQT_465      udata   0x000465       data   0x000001
    UD_abs_KF8A100GQT_466      udata   0x000466       data   0x000001
    UD_abs_KF8A100GQT_467      udata   0x000467       data   0x000001
    UD_abs_KF8A100GQT_468      udata   0x000468       data   0x000001
    UD_abs_KF8A100GQT_505      udata   0x000505       data   0x000001
    UD_abs_KF8A100GQT_509      udata   0x000509       data   0x000001
    UD_abs_KF8A100GQT_50c      udata   0x00050c       data   0x000001
    UD_abs_KF8A100GQT_50d      udata   0x00050d       data   0x000001
    UD_abs_KF8A100GQT_50e      udata   0x00050e       data   0x000001
    UD_abs_KF8A100GQT_50f      udata   0x00050f       data   0x000001
    UD_abs_KF8A100GQT_510      udata   0x000510       data   0x000001
    UD_abs_KF8A100GQT_512      udata   0x000512       data   0x000001
    UD_abs_KF8A100GQT_515      udata   0x000515       data   0x000001
    UD_abs_KF8A100GQT_516      udata   0x000516       data   0x000001
    UD_abs_KF8A100GQT_518      udata   0x000518       data   0x000001
    UD_abs_KF8A100GQT_519      udata   0x000519       data   0x000001
    UD_abs_KF8A100GQT_51a      udata   0x00051a       data   0x000001
    UD_abs_KF8A100GQT_51b      udata   0x00051b       data   0x000001
    UD_abs_KF8A100GQT_51c      udata   0x00051c       data   0x000001
    UD_abs_KF8A100GQT_51d      udata   0x00051d       data   0x000001
    UD_abs_KF8A100GQT_530      udata   0x000530       data   0x000001
    UD_abs_KF8A100GQT_531      udata   0x000531       data   0x000001
    UD_abs_KF8A100GQT_532      udata   0x000532       data   0x000001
    UD_abs_KF8A100GQT_533      udata   0x000533       data   0x000001
    UD_abs_KF8A100GQT_534      udata   0x000534       data   0x000001
    UD_abs_KF8A100GQT_535      udata   0x000535       data   0x000001
    UD_abs_KF8A100GQT_536      udata   0x000536       data   0x000001
    UD_abs_KF8A100GQT_537      udata   0x000537       data   0x000001
    UD_abs_KF8A100GQT_538      udata   0x000538       data   0x000001
    UD_abs_KF8A100GQT_539      udata   0x000539       data   0x000001
    UD_abs_KF8A100GQT_53a      udata   0x00053a       data   0x000001
    UD_abs_KF8A100GQT_53b      udata   0x00053b       data   0x000001
    UD_abs_KF8A100GQT_53c      udata   0x00053c       data   0x000001
    UD_abs_KF8A100GQT_53d      udata   0x00053d       data   0x000001
    UD_abs_KF8A100GQT_53e      udata   0x00053e       data   0x000001
    UD_abs_KF8A100GQT_53f      udata   0x00053f       data   0x000001
    UD_abs_KF8A100GQT_540      udata   0x000540       data   0x000001
    UD_abs_KF8A100GQT_541      udata   0x000541       data   0x000001
    UD_abs_KF8A100GQT_542      udata   0x000542       data   0x000001
    UD_abs_KF8A100GQT_543      udata   0x000543       data   0x000001
    UD_abs_KF8A100GQT_544      udata   0x000544       data   0x000001
    UD_abs_KF8A100GQT_545      udata   0x000545       data   0x000001
    UD_abs_KF8A100GQT_546      udata   0x000546       data   0x000001
    UD_abs_KF8A100GQT_547      udata   0x000547       data   0x000001
    UD_abs_KF8A100GQT_548      udata   0x000548       data   0x000001
    UD_abs_KF8A100GQT_549      udata   0x000549       data   0x000001
    UD_abs_KF8A100GQT_54a      udata   0x00054a       data   0x000001
    UD_abs_KF8A100GQT_54b      udata   0x00054b       data   0x000001
    UD_abs_KF8A100GQT_54c      udata   0x00054c       data   0x000001
    UD_abs_KF8A100GQT_54d      udata   0x00054d       data   0x000001
    UD_abs_KF8A100GQT_54e      udata   0x00054e       data   0x000001
    UD_abs_KF8A100GQT_54f      udata   0x00054f       data   0x000001
    UD_abs_KF8A100GQT_550      udata   0x000550       data   0x000001
    UD_abs_KF8A100GQT_551      udata   0x000551       data   0x000001
    UD_abs_KF8A100GQT_552      udata   0x000552       data   0x000001
    UD_abs_KF8A100GQT_553      udata   0x000553       data   0x000001
    UD_abs_KF8A100GQT_554      udata   0x000554       data   0x000001
    UD_abs_KF8A100GQT_555      udata   0x000555       data   0x000001
    UD_abs_KF8A100GQT_556      udata   0x000556       data   0x000001
    UD_abs_KF8A100GQT_55a      udata   0x00055a       data   0x000001
    UD_abs_KF8A100GQT_55b      udata   0x00055b       data   0x000001
    UD_abs_KF8A100GQT_55c      udata   0x00055c       data   0x000001
    UD_abs_KF8A100GQT_55d      udata   0x00055d       data   0x000001
    UD_abs_KF8A100GQT_55e      udata   0x00055e       data   0x000001
    UD_abs_KF8A100GQT_55f      udata   0x00055f       data   0x000001
    UD_abs_KF8A100GQT_563      udata   0x000563       data   0x000001
    UD_abs_KF8A100GQT_564      udata   0x000564       data   0x000001
    UD_abs_KF8A100GQT_565      udata   0x000565       data   0x000001
    UD_abs_KF8A100GQT_566      udata   0x000566       data   0x000001
    UD_abs_KF8A100GQT_567      udata   0x000567       data   0x000001
    UD_abs_KF8A100GQT_568      udata   0x000568       data   0x000001
    UD_abs_KF8A100GQT_56a      udata   0x00056a       data   0x000001
    UD_abs_KF8A100GQT_56b      udata   0x00056b       data   0x000001
    UD_abs_KF8A100GQT_56d      udata   0x00056d       data   0x000001
    UD_abs_KF8A100GQT_620      udata   0x000620       data   0x000001
    UD_abs_KF8A100GQT_621      udata   0x000621       data   0x000001
    UD_abs_KF8A100GQT_622      udata   0x000622       data   0x000001
    UD_abs_KF8A100GQT_623      udata   0x000623       data   0x000001
    UD_abs_KF8A100GQT_624      udata   0x000624       data   0x000001
    UD_abs_KF8A100GQT_625      udata   0x000625       data   0x000001
    UD_abs_KF8A100GQT_626      udata   0x000626       data   0x000001
    UD_abs_KF8A100GQT_627      udata   0x000627       data   0x000001
    UD_abs_KF8A100GQT_628      udata   0x000628       data   0x000001
    UD_abs_KF8A100GQT_629      udata   0x000629       data   0x000001
    UD_abs_KF8A100GQT_62a      udata   0x00062a       data   0x000001
    UD_abs_KF8A100GQT_62b      udata   0x00062b       data   0x000001
    UD_abs_KF8A100GQT_62c      udata   0x00062c       data   0x000001
    UD_abs_KF8A100GQT_62d      udata   0x00062d       data   0x000001
    UD_abs_KF8A100GQT_62e      udata   0x00062e       data   0x000001
    UD_abs_KF8A100GQT_62f      udata   0x00062f       data   0x000001
    UD_abs_KF8A100GQT_630      udata   0x000630       data   0x000001
    UD_abs_KF8A100GQT_631      udata   0x000631       data   0x000001
    UD_abs_KF8A100GQT_632      udata   0x000632       data   0x000001
    UD_abs_KF8A100GQT_633      udata   0x000633       data   0x000001
    UD_abs_KF8A100GQT_634      udata   0x000634       data   0x000001
    UD_abs_KF8A100GQT_635      udata   0x000635       data   0x000001
    UD_abs_KF8A100GQT_636      udata   0x000636       data   0x000001
    UD_abs_KF8A100GQT_637      udata   0x000637       data   0x000001
    UD_abs_KF8A100GQT_638      udata   0x000638       data   0x000001
    UD_abs_KF8A100GQT_639      udata   0x000639       data   0x000001
    UD_abs_KF8A100GQT_63a      udata   0x00063a       data   0x000001
    UD_abs_KF8A100GQT_63b      udata   0x00063b       data   0x000001
    UD_abs_KF8A100GQT_63c      udata   0x00063c       data   0x000001
    UD_abs_KF8A100GQT_63d      udata   0x00063d       data   0x000001
    UD_abs_KF8A100GQT_63e      udata   0x00063e       data   0x000001
    UD_abs_KF8A100GQT_63f      udata   0x00063f       data   0x000001
 
                              Program Memory Usage
                               Start         End
                           ---------   ---------
                            0x008007    0x008008
                            00000000    0x000003
                            0x0070cf    0x0070d6
                            0x007000    0x007039
                            0x00703a    0x007073
                            0x007074    0x007098
                            0x0070d7    0x0070de
                            0x007099    0x0070bd
                            0x0070be    0x0070ce
 
                            229 program addresses used
 
                              Symbols
                     Name    Address   Location    Storage File
                ---------  ---------  ---------  --------- ---------
                     I0R1   0x000089       data     extern main.asm
                     I0R7   0x00008a       data     extern main.asm
                    I0PSW   0x00008b       data     extern main.asm
                    I0PCH   0x00008c       data     extern main.asm
                     I1R1   0x00008d       data     extern main.asm
                     I1R7   0x00008e       data     extern main.asm
                    I1PSW   0x00008f       data     extern main.asm
                    I1PCH   0x000090       data     extern main.asm
                    STK11   0x000091       data     extern main.asm
                    STK10   0x000092       data     extern main.asm
                    STK09   0x000093       data     extern main.asm
                    STK08   0x000094       data     extern main.asm
                    STK07   0x000095       data     extern main.asm
                    STK06   0x000096       data     extern main.asm
                    STK05   0x000097       data     extern main.asm
                    STK04   0x000098       data     extern main.asm
                    STK03   0x000099       data     extern main.asm
                    STK02   0x00009a       data     extern main.asm
                    STK01   0x00009b       data     extern main.asm
                    STK00   0x00009c       data     extern main.asm
                 TRAPRx73   0x000073       data     extern main.asm
                 TRAPRx74   0x000074       data     extern main.asm
                 TRAPRx75   0x000075       data     extern main.asm
                 TRAPRx76   0x000076       data     extern main.asm
                 TRAPRx77   0x000077       data     extern main.asm
                  r0x1001   0x000088       data     static main.asm
                  r0x1000   0x000087       data     static main.asm
                  r0x1002   0x000086       data     static main.asm
                  r0x1003   0x000085       data     static main.asm
                  r0x1004   0x000084       data     static main.asm
                  r0x1005   0x000083       data     static main.asm
                  r0x1006   0x000082       data     static main.asm
                  r0x1007   0x000081       data     static main.asm
                  r0x1008   0x000080       data     static main.asm
                 init_imp   0x0070cf    program     extern main.asm
                    _main   0x007000    program     extern main.asm
         _func._main_0006   0x007006    program     static main.asm
         _func._main_0007   0x007007    program     static main.asm
         _func._main_0008   0x007008    program     static main.asm
               _00027_DS_   0x007009    program     static main.asm
               _00041_DS_   0x007010    program     static main.asm
         _func._main_001D   0x007019    program     static main.asm
               _00036_DS_   0x00701c    program     static main.asm
               _00021_DS_   0x00701f    program     static main.asm
               _00022_DS_   0x007024    program     static main.asm
               _00023_DS_   0x007029    program     static main.asm
               _00025_DS_   0x00702d    program     static main.asm
         _func._main_003F   0x007035    program     static main.asm
         _func._main_0040   0x007036    program     static main.asm
         _func._main_0041   0x007037    program     static main.asm
                _SYS_Init   0x00703a    program     extern main.asm
     _func._SYS_Init_0014   0x00704c    program     static main.asm
     _func._SYS_Init_0015   0x00704d    program     static main.asm
     _func._SYS_Init_0016   0x00704e    program     static main.asm
                _delay_ms   0x007074    program     extern main.asm
               _00004_DS_   0x00707a    program     static main.asm
               _00016_DS_   0x007080    program     static main.asm
               _00001_DS_   0x007086    program     static main.asm
               _00042_DS_   0x00708f    program     static main.asm
               _00043_DS_   0x007097    program     static main.asm
               _00008_DS_   0x007098    program     static main.asm
         __gsinit_startup   0x0070d7    program     extern idata.asm
_func.__gsinit_startup_0004   0x0070db    program     static idata.asm
_func.__gsinit_startup_0005   0x0070dc    program     static idata.asm
_func.__gsinit_startup_0006   0x0070dd    program     static idata.asm
                    _IDLR   00000000       data     extern KF8A100GQT.asm
                      _T0   0x000001       data     extern KF8A100GQT.asm
                     _PCL   0x000002       data     extern KF8A100GQT.asm
                _PSW_bits   0x000003       data     extern KF8A100GQT.asm
                     _PSW   0x000003       data     extern KF8A100GQT.asm
                      _IR   0x000004       data     extern KF8A100GQT.asm
                 _P0_bits   0x000005       data     extern KF8A100GQT.asm
                      _P0   0x000005       data     extern KF8A100GQT.asm
                 _P2_bits   0x000006       data     extern KF8A100GQT.asm
                      _P2   0x000006       data     extern KF8A100GQT.asm
                 _P1_bits   0x000007       data     extern KF8A100GQT.asm
                      _P1   0x000007       data     extern KF8A100GQT.asm
                 _P3_bits   0x000008       data     extern KF8A100GQT.asm
                      _P3   0x000008       data     extern KF8A100GQT.asm
                 _P4_bits   0x000009       data     extern KF8A100GQT.asm
                      _P4   0x000009       data     extern KF8A100GQT.asm
                     _PCH   0x00000a       data     extern KF8A100GQT.asm
             _INTCTL_bits   0x00000b       data     extern KF8A100GQT.asm
                  _INTCTL   0x00000b       data     extern KF8A100GQT.asm
               _EIF1_bits   0x00000c       data     extern KF8A100GQT.asm
                    _EIF1   0x00000c       data     extern KF8A100GQT.asm
               _EIF2_bits   0x00000d       data     extern KF8A100GQT.asm
                    _EIF2   0x00000d       data     extern KF8A100GQT.asm
                     _T1L   0x00000e       data     extern KF8A100GQT.asm
                     _T1H   0x00000f       data     extern KF8A100GQT.asm
              _T1CTL_bits   0x000010       data     extern KF8A100GQT.asm
                   _T1CTL   0x000010       data     extern KF8A100GQT.asm
                     _T2L   0x000011       data     extern KF8A100GQT.asm
             _T2CTL0_bits   0x000012       data     extern KF8A100GQT.asm
                  _T2CTL0   0x000012       data     extern KF8A100GQT.asm
                   _PWM1L   0x000013       data     extern KF8A100GQT.asm
             _PWMCTL_bits   0x000015       data     extern KF8A100GQT.asm
                  _PWMCTL   0x000015       data     extern KF8A100GQT.asm
                     _PP1   0x000016       data     extern KF8A100GQT.asm
               _BANK_bits   0x000017       data     extern KF8A100GQT.asm
                    _BANK   0x000017       data     extern KF8A100GQT.asm
             _CMCTL0_bits   0x000019       data     extern KF8A100GQT.asm
                  _CMCTL0   0x000019       data     extern KF8A100GQT.asm
              _C1CTL_bits   0x00001a       data     extern KF8A100GQT.asm
                   _C1CTL   0x00001a       data     extern KF8A100GQT.asm
               _COUT_bits   0x00001d       data     extern KF8A100GQT.asm
                    _COUT   0x00001d       data     extern KF8A100GQT.asm
               _ADCDATA0H   0x00001e       data     extern KF8A100GQT.asm
            _ADCCTL0_bits   0x00001f       data     extern KF8A100GQT.asm
                 _ADCCTL0   0x00001f       data     extern KF8A100GQT.asm
               _OPTR_bits   0x000021       data     extern KF8A100GQT.asm
                    _OPTR   0x000021       data     extern KF8A100GQT.asm
                _IP0_bits   0x000022       data     extern KF8A100GQT.asm
                     _IP0   0x000022       data     extern KF8A100GQT.asm
                _IP1_bits   0x000023       data     extern KF8A100GQT.asm
                     _IP1   0x000023       data     extern KF8A100GQT.asm
                _IP2_bits   0x000024       data     extern KF8A100GQT.asm
                     _IP2   0x000024       data     extern KF8A100GQT.asm
                _TR0_bits   0x000025       data     extern KF8A100GQT.asm
                     _TR0   0x000025       data     extern KF8A100GQT.asm
                _TR2_bits   0x000026       data     extern KF8A100GQT.asm
                     _TR2   0x000026       data     extern KF8A100GQT.asm
                _TR1_bits   0x000027       data     extern KF8A100GQT.asm
                     _TR1   0x000027       data     extern KF8A100GQT.asm
                _TR3_bits   0x000028       data     extern KF8A100GQT.asm
                     _TR3   0x000028       data     extern KF8A100GQT.asm
                _TR4_bits   0x000029       data     extern KF8A100GQT.asm
                     _TR4   0x000029       data     extern KF8A100GQT.asm
             _VRECTL_bits   0x00002b       data     extern KF8A100GQT.asm
                  _VRECTL   0x00002b       data     extern KF8A100GQT.asm
               _EIE1_bits   0x00002c       data     extern KF8A100GQT.asm
                    _EIE1   0x00002c       data     extern KF8A100GQT.asm
               _EIE2_bits   0x00002d       data     extern KF8A100GQT.asm
                    _EIE2   0x00002d       data     extern KF8A100GQT.asm
               _PCTL_bits   0x00002e       data     extern KF8A100GQT.asm
                    _PCTL   0x00002e       data     extern KF8A100GQT.asm
                 _OSCCAL2   0x000030       data     extern KF8A100GQT.asm
              _C2CTL_bits   0x000031       data     extern KF8A100GQT.asm
                   _C2CTL   0x000031       data     extern KF8A100GQT.asm
                     _PP2   0x000032       data     extern KF8A100GQT.asm
                   _PWM2L   0x000033       data     extern KF8A100GQT.asm
               _PUR0_bits   0x000035       data     extern KF8A100GQT.asm
                    _PUR0   0x000035       data     extern KF8A100GQT.asm
              _IOCL0_bits   0x000036       data     extern KF8A100GQT.asm
                   _IOCL0   0x000036       data     extern KF8A100GQT.asm
                 _OSCCAL1   0x000037       data     extern KF8A100GQT.asm
                _NVMDATAH   0x000038       data     extern KF8A100GQT.asm
                _NVMDATAL   0x000039       data     extern KF8A100GQT.asm
                _NVMADDRH   0x00003a       data     extern KF8A100GQT.asm
                _NVMADDRL   0x00003b       data     extern KF8A100GQT.asm
                 _NVMCTL0   0x00003c       data     extern KF8A100GQT.asm
                 _NVMCTL1   0x00003d       data     extern KF8A100GQT.asm
               _ADCDATA0L   0x00003e       data     extern KF8A100GQT.asm
            _ADCCTL1_bits   0x00003f       data     extern KF8A100GQT.asm
                 _ADCCTL1   0x00003f       data     extern KF8A100GQT.asm
              _WDTPS_bits   0x000040       data     extern KF8A100GQT.asm
                   _WDTPS   0x000040       data     extern KF8A100GQT.asm
                     _T2H   0x000041       data     extern KF8A100GQT.asm
                   _PP60H   0x000042       data     extern KF8A100GQT.asm
                  _PWM6L0   0x000043       data     extern KF8A100GQT.asm
                  _PWM6H0   0x000044       data     extern KF8A100GQT.asm
               _P0LR_bits   0x000045       data     extern KF8A100GQT.asm
                    _P0LR   0x000045       data     extern KF8A100GQT.asm
               _P2LR_bits   0x000046       data     extern KF8A100GQT.asm
                    _P2LR   0x000046       data     extern KF8A100GQT.asm
               _P1LR_bits   0x000047       data     extern KF8A100GQT.asm
                    _P1LR   0x000047       data     extern KF8A100GQT.asm
               _P3LR_bits   0x000048       data     extern KF8A100GQT.asm
                    _P3LR   0x000048       data     extern KF8A100GQT.asm
               _P4LR_bits   0x000049       data     extern KF8A100GQT.asm
                    _P4LR   0x000049       data     extern KF8A100GQT.asm
               _ANS0_bits   0x00004a       data     extern KF8A100GQT.asm
                    _ANS0   0x00004a       data     extern KF8A100GQT.asm
               _ANS1_bits   0x00004b       data     extern KF8A100GQT.asm
                    _ANS1   0x00004b       data     extern KF8A100GQT.asm
               _ANS2_bits   0x00004c       data     extern KF8A100GQT.asm
                    _ANS2   0x00004c       data     extern KF8A100GQT.asm
               _ANS3_bits   0x00004d       data     extern KF8A100GQT.asm
                    _ANS3   0x00004d       data     extern KF8A100GQT.asm
               _ANS4_bits   0x00004e       data     extern KF8A100GQT.asm
                    _ANS4   0x00004e       data     extern KF8A100GQT.asm
              _T0CTL_bits   0x00004f       data     extern KF8A100GQT.asm
                   _T0CTL   0x00004f       data     extern KF8A100GQT.asm
            _ADCCTL2_bits   0x000050       data     extern KF8A100GQT.asm
                 _ADCCTL2   0x000050       data     extern KF8A100GQT.asm
             _T2CTL1_bits   0x000051       data     extern KF8A100GQT.asm
                  _T2CTL1   0x000051       data     extern KF8A100GQT.asm
                   _PP60L   0x000052       data     extern KF8A100GQT.asm
             _BKPCTL_bits   0x000053       data     extern KF8A100GQT.asm
                  _BKPCTL   0x000053       data     extern KF8A100GQT.asm
            _SCLKSTU_bits   0x000054       data     extern KF8A100GQT.asm
                 _SCLKSTU   0x000054       data     extern KF8A100GQT.asm
                  _PWM6H1   0x000055       data     extern KF8A100GQT.asm
                  _PWM6L1   0x000056       data     extern KF8A100GQT.asm
           _PWM6CTL0_bits   0x000057       data     extern KF8A100GQT.asm
                _PWM6CTL0   0x000057       data     extern KF8A100GQT.asm
           _P6ATRCTL_bits   0x00005d       data     extern KF8A100GQT.asm
                _P6ATRCTL   0x00005d       data     extern KF8A100GQT.asm
           _PWM6CTL2_bits   0x00005e       data     extern KF8A100GQT.asm
                _PWM6CTL2   0x00005e       data     extern KF8A100GQT.asm
             _PWM6PC_bits   0x000060       data     extern KF8A100GQT.asm
                  _PWM6PC   0x000060       data     extern KF8A100GQT.asm
                  _PWM6H2   0x000062       data     extern KF8A100GQT.asm
                  _PWM6L2   0x000063       data     extern KF8A100GQT.asm
                  _PWM6H3   0x000064       data     extern KF8A100GQT.asm
                  _PWM6L3   0x000065       data     extern KF8A100GQT.asm
             _CCTCTL_bits   0x000068       data     extern KF8A100GQT.asm
                  _CCTCTL   0x000068       data     extern KF8A100GQT.asm
            _SCLKCTL_bits   0x000069       data     extern KF8A100GQT.asm
                 _SCLKCTL   0x000069       data     extern KF8A100GQT.asm
            _HFCKCTL_bits   0x00006a       data     extern KF8A100GQT.asm
                 _HFCKCTL   0x00006a       data     extern KF8A100GQT.asm
            _LFCKCTL_bits   0x00006b       data     extern KF8A100GQT.asm
                 _LFCKCTL   0x00006b       data     extern KF8A100GQT.asm
                 _P5_bits   0x000105       data     extern KF8A100GQT.asm
                      _P5   0x000105       data     extern KF8A100GQT.asm
                 _P6_bits   0x000106       data     extern KF8A100GQT.asm
                      _P6   0x000106       data     extern KF8A100GQT.asm
                 _P7_bits   0x000107       data     extern KF8A100GQT.asm
                      _P7   0x000107       data     extern KF8A100GQT.asm
                 _P9_bits   0x000109       data     extern KF8A100GQT.asm
                      _P9   0x000109       data     extern KF8A100GQT.asm
                _IP5_bits   0x00010c       data     extern KF8A100GQT.asm
                     _IP5   0x00010c       data     extern KF8A100GQT.asm
               _EIF4_bits   0x00010d       data     extern KF8A100GQT.asm
                    _EIF4   0x00010d       data     extern KF8A100GQT.asm
               _EIE4_bits   0x00010e       data     extern KF8A100GQT.asm
                    _EIE4   0x00010e       data     extern KF8A100GQT.asm
               _EIF5_bits   0x00010f       data     extern KF8A100GQT.asm
                    _EIF5   0x00010f       data     extern KF8A100GQT.asm
               _EIE5_bits   0x000110       data     extern KF8A100GQT.asm
                    _EIE5   0x000110       data     extern KF8A100GQT.asm
                     _T4L   0x000111       data     extern KF8A100GQT.asm
             _T4CTL0_bits   0x000112       data     extern KF8A100GQT.asm
                  _T4CTL0   0x000112       data     extern KF8A100GQT.asm
               _WCFR_bits   0x000113       data     extern KF8A100GQT.asm
                    _WCFR   0x000113       data     extern KF8A100GQT.asm
               _WCNT_bits   0x000114       data     extern KF8A100GQT.asm
                    _WCNT   0x000114       data     extern KF8A100GQT.asm
               _WCTL_bits   0x000115       data     extern KF8A100GQT.asm
                    _WCTL   0x000115       data     extern KF8A100GQT.asm
                   _T3REH   0x000116       data     extern KF8A100GQT.asm
             _T1CTL2_bits   0x000118       data     extern KF8A100GQT.asm
                  _T1CTL2   0x000118       data     extern KF8A100GQT.asm
              _T3CTL_bits   0x000119       data     extern KF8A100GQT.asm
                   _T3CTL   0x000119       data     extern KF8A100GQT.asm
                     _T3H   0x00011a       data     extern KF8A100GQT.asm
                   _T3REL   0x00011b       data     extern KF8A100GQT.asm
                     _T3L   0x00011c       data     extern KF8A100GQT.asm
           _UPINSET2_bits   0x000123       data     extern KF8A100GQT.asm
                _UPINSET2   0x000123       data     extern KF8A100GQT.asm
                _IP4_bits   0x000124       data     extern KF8A100GQT.asm
                     _IP4   0x000124       data     extern KF8A100GQT.asm
                _TR5_bits   0x000125       data     extern KF8A100GQT.asm
                     _TR5   0x000125       data     extern KF8A100GQT.asm
                _TR6_bits   0x000126       data     extern KF8A100GQT.asm
                     _TR6   0x000126       data     extern KF8A100GQT.asm
                _TR7_bits   0x000127       data     extern KF8A100GQT.asm
                     _TR7   0x000127       data     extern KF8A100GQT.asm
                _TR9_bits   0x000129       data     extern KF8A100GQT.asm
                     _TR9   0x000129       data     extern KF8A100GQT.asm
              _T7CTL_bits   0x00012a       data     extern KF8A100GQT.asm
                   _T7CTL   0x00012a       data     extern KF8A100GQT.asm
                     _T7L   0x00012b       data     extern KF8A100GQT.asm
                     _T7H   0x00012c       data     extern KF8A100GQT.asm
                   _T7REL   0x00012d       data     extern KF8A100GQT.asm
                   _T7REH   0x00012e       data     extern KF8A100GQT.asm
              _VRES0_bits   0x00012f       data     extern KF8A100GQT.asm
                   _VRES0   0x00012f       data     extern KF8A100GQT.asm
                   _DIVRH   0x000130       data     extern KF8A100GQT.asm
                 _OSCCAL0   0x000131       data     extern KF8A100GQT.asm
                 _OSCCAL3   0x000132       data     extern KF8A100GQT.asm
          _SSCI1CTL1_bits   0x000133       data     extern KF8A100GQT.asm
               _SSCI1CTL1   0x000133       data     extern KF8A100GQT.asm
           _SSCI1STA_bits   0x000134       data     extern KF8A100GQT.asm
                _SSCI1STA   0x000134       data     extern KF8A100GQT.asm
          _SSCI1CTL0_bits   0x000135       data     extern KF8A100GQT.asm
               _SSCI1CTL0   0x000135       data     extern KF8A100GQT.asm
               _SSCI1BUFR   0x000136       data     extern KF8A100GQT.asm
           _SSCI1ADD_bits   0x000137       data     extern KF8A100GQT.asm
           _SSCI1MSK_bits   0x000137       data     extern KF8A100GQT.asm
                _SSCI1ADD   0x000137       data     extern KF8A100GQT.asm
                _SSCI1MSK   0x000137       data     extern KF8A100GQT.asm
          _SSCI1CTL2_bits   0x000138       data     extern KF8A100GQT.asm
               _SSCI1CTL2   0x000138       data     extern KF8A100GQT.asm
                   _DIVBH   0x000139       data     extern KF8A100GQT.asm
             _DIVCTL_bits   0x00013a       data     extern KF8A100GQT.asm
                  _DIVCTL   0x00013a       data     extern KF8A100GQT.asm
                   _DIVAH   0x00013b       data     extern KF8A100GQT.asm
                   _DIVAL   0x00013c       data     extern KF8A100GQT.asm
                   _DIVBL   0x00013d       data     extern KF8A100GQT.asm
                   _DIVQH   0x00013e       data     extern KF8A100GQT.asm
                   _DIVQL   0x00013f       data     extern KF8A100GQT.asm
                   _DIVRL   0x000140       data     extern KF8A100GQT.asm
                     _T4H   0x000141       data     extern KF8A100GQT.asm
                   _PP61H   0x000142       data     extern KF8A100GQT.asm
               _P5LR_bits   0x000145       data     extern KF8A100GQT.asm
                    _P5LR   0x000145       data     extern KF8A100GQT.asm
               _P6LR_bits   0x000146       data     extern KF8A100GQT.asm
                    _P6LR   0x000146       data     extern KF8A100GQT.asm
               _P7LR_bits   0x000147       data     extern KF8A100GQT.asm
                    _P7LR   0x000147       data     extern KF8A100GQT.asm
               _P9LR_bits   0x000149       data     extern KF8A100GQT.asm
                    _P9LR   0x000149       data     extern KF8A100GQT.asm
               _ANS5_bits   0x00014a       data     extern KF8A100GQT.asm
                    _ANS5   0x00014a       data     extern KF8A100GQT.asm
               _ANS6_bits   0x00014b       data     extern KF8A100GQT.asm
                    _ANS6   0x00014b       data     extern KF8A100GQT.asm
               _ANS7_bits   0x00014c       data     extern KF8A100GQT.asm
                    _ANS7   0x00014c       data     extern KF8A100GQT.asm
               _ANS8_bits   0x00014d       data     extern KF8A100GQT.asm
                    _ANS8   0x00014d       data     extern KF8A100GQT.asm
               _ANS9_bits   0x00014e       data     extern KF8A100GQT.asm
                    _ANS9   0x00014e       data     extern KF8A100GQT.asm
              _VRES1_bits   0x00014f       data     extern KF8A100GQT.asm
                   _VRES1   0x00014f       data     extern KF8A100GQT.asm
             _T4CTL1_bits   0x000151       data     extern KF8A100GQT.asm
                  _T4CTL1   0x000151       data     extern KF8A100GQT.asm
                   _PP61L   0x000152       data     extern KF8A100GQT.asm
                 _T2CCR0L   0x000154       data     extern KF8A100GQT.asm
                 _T2CCR0H   0x000155       data     extern KF8A100GQT.asm
                 _T2CCR1L   0x000156       data     extern KF8A100GQT.asm
                 _T2CCR1H   0x000157       data     extern KF8A100GQT.asm
                 _T4CCR0L   0x000158       data     extern KF8A100GQT.asm
                 _EUBRGH2   0x000159       data     extern KF8A100GQT.asm
                 _T4CCR0H   0x00015a       data     extern KF8A100GQT.asm
          _UADMATCH2_bits   0x000160       data     extern KF8A100GQT.asm
               _UADMATCH2   0x000160       data     extern KF8A100GQT.asm
        _U7816TXCTL2_bits   0x000163       data     extern KF8A100GQT.asm
             _U7816TXCTL2   0x000163       data     extern KF8A100GQT.asm
            _EGTCTL2_bits   0x000164       data     extern KF8A100GQT.asm
                 _EGTCTL2   0x000164       data     extern KF8A100GQT.asm
            _CLKDIV2_bits   0x000165       data     extern KF8A100GQT.asm
                 _CLKDIV2   0x000165       data     extern KF8A100GQT.asm
          _U7816CTL2_bits   0x000166       data     extern KF8A100GQT.asm
               _U7816CTL2   0x000166       data     extern KF8A100GQT.asm
        _U7816RXCTL2_bits   0x000167       data     extern KF8A100GQT.asm
             _U7816RXCTL2   0x000167       data     extern KF8A100GQT.asm
             _RSCTL2_bits   0x000168       data     extern KF8A100GQT.asm
                  _RSCTL2   0x000168       data     extern KF8A100GQT.asm
                  _TXSDR2   0x000169       data     extern KF8A100GQT.asm
                  _RXSDR2   0x00016a       data     extern KF8A100GQT.asm
             _BRCTL2_bits   0x00016b       data     extern KF8A100GQT.asm
                  _BRCTL2   0x00016b       data     extern KF8A100GQT.asm
             _TSCTL2_bits   0x00016c       data     extern KF8A100GQT.asm
                  _TSCTL2   0x00016c       data     extern KF8A100GQT.asm
                 _EUBRGL2   0x00016d       data     extern KF8A100GQT.asm
           _SSCI2STA_bits   0x000205       data     extern KF8A100GQT.asm
                _SSCI2STA   0x000205       data     extern KF8A100GQT.asm
          _SSCI2CTL0_bits   0x000206       data     extern KF8A100GQT.asm
               _SSCI2CTL0   0x000206       data     extern KF8A100GQT.asm
               _SSCI2BUFR   0x000207       data     extern KF8A100GQT.asm
           _SSCI2ADD_bits   0x000208       data     extern KF8A100GQT.asm
           _SSCI2MSK_bits   0x000208       data     extern KF8A100GQT.asm
                _SSCI2ADD   0x000208       data     extern KF8A100GQT.asm
                _SSCI2MSK   0x000208       data     extern KF8A100GQT.asm
          _SSCI2CTL2_bits   0x000209       data     extern KF8A100GQT.asm
               _SSCI2CTL2   0x000209       data     extern KF8A100GQT.asm
             _RSCTL3_bits   0x00020c       data     extern KF8A100GQT.asm
                  _RSCTL3   0x00020c       data     extern KF8A100GQT.asm
                  _TXSDR3   0x00020d       data     extern KF8A100GQT.asm
                  _RXSDR3   0x00020e       data     extern KF8A100GQT.asm
             _BRCTL3_bits   0x00020f       data     extern KF8A100GQT.asm
                  _BRCTL3   0x00020f       data     extern KF8A100GQT.asm
            _CCP3CTL_bits   0x000210       data     extern KF8A100GQT.asm
                 _CCP3CTL   0x000210       data     extern KF8A100GQT.asm
                   _CCP3H   0x000211       data     extern KF8A100GQT.asm
                   _CCP3L   0x000212       data     extern KF8A100GQT.asm
            _CCP7CTL_bits   0x000213       data     extern KF8A100GQT.asm
                 _CCP7CTL   0x000213       data     extern KF8A100GQT.asm
                   _CCP7H   0x000214       data     extern KF8A100GQT.asm
                   _CCP7L   0x000215       data     extern KF8A100GQT.asm
             _TSCTL3_bits   0x000216       data     extern KF8A100GQT.asm
                  _TSCTL3   0x000216       data     extern KF8A100GQT.asm
                 _EUBRGL3   0x000218       data     extern KF8A100GQT.asm
                 _EUBRGH3   0x000219       data     extern KF8A100GQT.asm
               _EIF3_bits   0x00021a       data     extern KF8A100GQT.asm
                    _EIF3   0x00021a       data     extern KF8A100GQT.asm
               _EIE3_bits   0x00021b       data     extern KF8A100GQT.asm
                    _EIE3   0x00021b       data     extern KF8A100GQT.asm
          _UADMATCH3_bits   0x00021c       data     extern KF8A100GQT.asm
               _UADMATCH3   0x00021c       data     extern KF8A100GQT.asm
            _SLEPEN3_bits   0x00021d       data     extern KF8A100GQT.asm
                 _SLEPEN3   0x00021d       data     extern KF8A100GQT.asm
           _UPINSET3_bits   0x00021e       data     extern KF8A100GQT.asm
                _UPINSET3   0x00021e       data     extern KF8A100GQT.asm
          _SSCI2CTL1_bits   0x00021f       data     extern KF8A100GQT.asm
               _SSCI2CTL1   0x00021f       data     extern KF8A100GQT.asm
                _IP3_bits   0x00022a       data     extern KF8A100GQT.asm
                     _IP3   0x00022a       data     extern KF8A100GQT.asm
           _FILT1CTL_bits   0x000231       data     extern KF8A100GQT.asm
                _FILT1CTL   0x000231       data     extern KF8A100GQT.asm
           _FILT1PER_bits   0x000232       data     extern KF8A100GQT.asm
                _FILT1PER   0x000232       data     extern KF8A100GQT.asm
           _FILT2CTL_bits   0x000233       data     extern KF8A100GQT.asm
                _FILT2CTL   0x000233       data     extern KF8A100GQT.asm
           _FILT2PER_bits   0x000234       data     extern KF8A100GQT.asm
                _FILT2PER   0x000234       data     extern KF8A100GQT.asm
           _FILT3CTL_bits   0x000235       data     extern KF8A100GQT.asm
                _FILT3CTL   0x000235       data     extern KF8A100GQT.asm
           _FILT3PER_bits   0x000236       data     extern KF8A100GQT.asm
                _FILT3PER   0x000236       data     extern KF8A100GQT.asm
           _FILT4CTL_bits   0x000237       data     extern KF8A100GQT.asm
                _FILT4CTL   0x000237       data     extern KF8A100GQT.asm
           _FILT4PER_bits   0x000238       data     extern KF8A100GQT.asm
                _FILT4PER   0x000238       data     extern KF8A100GQT.asm
              _C3CTL_bits   0x000239       data     extern KF8A100GQT.asm
                   _C3CTL   0x000239       data     extern KF8A100GQT.asm
              _C4CTL_bits   0x00023a       data     extern KF8A100GQT.asm
                   _C4CTL   0x00023a       data     extern KF8A100GQT.asm
                 _VRECAL2   0x00023b       data     extern KF8A100GQT.asm
                 _VRECAL3   0x00023c       data     extern KF8A100GQT.asm
               _PUR9_bits   0x000240       data     extern KF8A100GQT.asm
                    _PUR9   0x000240       data     extern KF8A100GQT.asm
               _PUR1_bits   0x000241       data     extern KF8A100GQT.asm
                    _PUR1   0x000241       data     extern KF8A100GQT.asm
               _PUR2_bits   0x000242       data     extern KF8A100GQT.asm
                    _PUR2   0x000242       data     extern KF8A100GQT.asm
               _PUR3_bits   0x000243       data     extern KF8A100GQT.asm
                    _PUR3   0x000243       data     extern KF8A100GQT.asm
               _PUR4_bits   0x000244       data     extern KF8A100GQT.asm
                    _PUR4   0x000244       data     extern KF8A100GQT.asm
               _PUR5_bits   0x000245       data     extern KF8A100GQT.asm
                    _PUR5   0x000245       data     extern KF8A100GQT.asm
               _PUR6_bits   0x000246       data     extern KF8A100GQT.asm
                    _PUR6   0x000246       data     extern KF8A100GQT.asm
               _PUR7_bits   0x000247       data     extern KF8A100GQT.asm
                    _PUR7   0x000247       data     extern KF8A100GQT.asm
                   _MULAL   0x000248       data     extern KF8A100GQT.asm
                   _MULBH   0x000249       data     extern KF8A100GQT.asm
                 _MULRES3   0x00024a       data     extern KF8A100GQT.asm
                 _MULRES2   0x00024b       data     extern KF8A100GQT.asm
                 _MULRES1   0x00024c       data     extern KF8A100GQT.asm
                 _MULRES0   0x00024d       data     extern KF8A100GQT.asm
                   _MULBL   0x00024e       data     extern KF8A100GQT.asm
             _MULCTL_bits   0x00024f       data     extern KF8A100GQT.asm
                  _MULCTL   0x00024f       data     extern KF8A100GQT.asm
                   _MULAH   0x000250       data     extern KF8A100GQT.asm
               _ADCDATA1L   0x000251       data     extern KF8A100GQT.asm
               _ADCDATA1H   0x000252       data     extern KF8A100GQT.asm
               _ADCDATA2L   0x000253       data     extern KF8A100GQT.asm
               _ADCDATA2H   0x000254       data     extern KF8A100GQT.asm
               _ADCDATA3L   0x000255       data     extern KF8A100GQT.asm
               _ADCDATA3H   0x000256       data     extern KF8A100GQT.asm
           _UPINSET1_bits   0x000257       data     extern KF8A100GQT.asm
                _UPINSET1   0x000257       data     extern KF8A100GQT.asm
            _USLPEN1_bits   0x000258       data     extern KF8A100GQT.asm
                 _USLPEN1   0x000258       data     extern KF8A100GQT.asm
                 _EUBRGH1   0x000259       data     extern KF8A100GQT.asm
          _ADCINTCTL_bits   0x00025a       data     extern KF8A100GQT.asm
               _ADCINTCTL   0x00025a       data     extern KF8A100GQT.asm
          _ADSCANCTL_bits   0x00025b       data     extern KF8A100GQT.asm
               _ADSCANCTL   0x00025b       data     extern KF8A100GQT.asm
               _EIE7_bits   0x00025c       data     extern KF8A100GQT.asm
                    _EIE7   0x00025c       data     extern KF8A100GQT.asm
               _EIF7_bits   0x00025d       data     extern KF8A100GQT.asm
                    _EIF7   0x00025d       data     extern KF8A100GQT.asm
                _IP7_bits   0x00025e       data     extern KF8A100GQT.asm
                     _IP7   0x00025e       data     extern KF8A100GQT.asm
            _HLVDCTL_bits   0x00025f       data     extern KF8A100GQT.asm
                 _HLVDCTL   0x00025f       data     extern KF8A100GQT.asm
             _RTCSRT_bits   0x000318       data     extern KF8A100GQT.asm
                  _RTCSRT   0x000318       data     extern KF8A100GQT.asm
             _RTCSTU_bits   0x000319       data     extern KF8A100GQT.asm
                  _RTCSTU   0x000319       data     extern KF8A100GQT.asm
            _RTCALRS_bits   0x00031c       data     extern KF8A100GQT.asm
                 _RTCALRS   0x00031c       data     extern KF8A100GQT.asm
            _RTCALRM_bits   0x00031d       data     extern KF8A100GQT.asm
                 _RTCALRM   0x00031d       data     extern KF8A100GQT.asm
            _RTCALRH_bits   0x00031e       data     extern KF8A100GQT.asm
                 _RTCALRH   0x00031e       data     extern KF8A100GQT.asm
            _RTCALRW_bits   0x00031f       data     extern KF8A100GQT.asm
                 _RTCALRW   0x00031f       data     extern KF8A100GQT.asm
             _RTCTTR_bits   0x000320       data     extern KF8A100GQT.asm
                  _RTCTTR   0x000320       data     extern KF8A100GQT.asm
             _RTCFCR_bits   0x000321       data     extern KF8A100GQT.asm
                  _RTCFCR   0x000321       data     extern KF8A100GQT.asm
             _RTCSEC_bits   0x000322       data     extern KF8A100GQT.asm
                  _RTCSEC   0x000322       data     extern KF8A100GQT.asm
             _RTCMIN_bits   0x000323       data     extern KF8A100GQT.asm
                  _RTCMIN   0x000323       data     extern KF8A100GQT.asm
            _RTCHOUR_bits   0x000324       data     extern KF8A100GQT.asm
                 _RTCHOUR   0x000324       data     extern KF8A100GQT.asm
             _RTCWEK_bits   0x000325       data     extern KF8A100GQT.asm
                  _RTCWEK   0x000325       data     extern KF8A100GQT.asm
             _RTCDAY_bits   0x000326       data     extern KF8A100GQT.asm
                  _RTCDAY   0x000326       data     extern KF8A100GQT.asm
             _RTCMTH_bits   0x000327       data     extern KF8A100GQT.asm
                  _RTCMTH   0x000327       data     extern KF8A100GQT.asm
            _RTCYEAR_bits   0x000328       data     extern KF8A100GQT.asm
                 _RTCYEAR   0x000328       data     extern KF8A100GQT.asm
          _RTCTMRCTL_bits   0x00032c       data     extern KF8A100GQT.asm
               _RTCTMRCTL   0x00032c       data     extern KF8A100GQT.asm
           _RTCTMREN_bits   0x00032d       data     extern KF8A100GQT.asm
                _RTCTMREN   0x00032d       data     extern KF8A100GQT.asm
                 _RTCTMR1   0x00032e       data     extern KF8A100GQT.asm
                 _RTCTMR0   0x00032f       data     extern KF8A100GQT.asm
             _POWCTL_bits   0x000360       data     extern KF8A100GQT.asm
                  _POWCTL   0x000360       data     extern KF8A100GQT.asm
               _PCAL_bits   0x000361       data     extern KF8A100GQT.asm
                    _PCAL   0x000361       data     extern KF8A100GQT.asm
                 _XTALCAL   0x000362       data     extern KF8A100GQT.asm
            _BWDTCTL_bits   0x000363       data     extern KF8A100GQT.asm
                 _BWDTCTL   0x000363       data     extern KF8A100GQT.asm
              _PHCLR_bits   0x000364       data     extern KF8A100GQT.asm
                   _PHCLR   0x000364       data     extern KF8A100GQT.asm
                 _LPRCCAL   0x000365       data     extern KF8A100GQT.asm
            _LPRCCTL_bits   0x000366       data     extern KF8A100GQT.asm
                 _LPRCCTL   0x000366       data     extern KF8A100GQT.asm
            _BBODCTL_bits   0x000368       data     extern KF8A100GQT.asm
                 _BBODCTL   0x000368       data     extern KF8A100GQT.asm
              _IOCAF_bits   0x000410       data     extern KF8A100GQT.asm
                   _IOCAF   0x000410       data     extern KF8A100GQT.asm
              _IOCBF_bits   0x000411       data     extern KF8A100GQT.asm
                   _IOCBF   0x000411       data     extern KF8A100GQT.asm
              _IOCCF_bits   0x000412       data     extern KF8A100GQT.asm
                   _IOCCF   0x000412       data     extern KF8A100GQT.asm
            _IOCAPOS_bits   0x000413       data     extern KF8A100GQT.asm
                 _IOCAPOS   0x000413       data     extern KF8A100GQT.asm
            _IOCBPOS_bits   0x000414       data     extern KF8A100GQT.asm
                 _IOCBPOS   0x000414       data     extern KF8A100GQT.asm
            _IOCCPOS_bits   0x000415       data     extern KF8A100GQT.asm
                 _IOCCPOS   0x000415       data     extern KF8A100GQT.asm
            _IOCANEG_bits   0x000416       data     extern KF8A100GQT.asm
                 _IOCANEG   0x000416       data     extern KF8A100GQT.asm
            _IOCBNEG_bits   0x000418       data     extern KF8A100GQT.asm
                 _IOCBNEG   0x000418       data     extern KF8A100GQT.asm
            _IOCCNEG_bits   0x000419       data     extern KF8A100GQT.asm
                 _IOCCNEG   0x000419       data     extern KF8A100GQT.asm
             _IOCMOD_bits   0x00041a       data     extern KF8A100GQT.asm
                  _IOCMOD   0x00041a       data     extern KF8A100GQT.asm
             _SRCTL0_bits   0x00041b       data     extern KF8A100GQT.asm
                  _SRCTL0   0x00041b       data     extern KF8A100GQT.asm
             _SRCTL1_bits   0x00041c       data     extern KF8A100GQT.asm
                  _SRCTL1   0x00041c       data     extern KF8A100GQT.asm
             _T8CTL1_bits   0x00041d       data     extern KF8A100GQT.asm
                  _T8CTL1   0x00041d       data     extern KF8A100GQT.asm
             _T9CTL1_bits   0x00041e       data     extern KF8A100GQT.asm
                  _T9CTL1   0x00041e       data     extern KF8A100GQT.asm
                 _PA_bits   0x000424       data     extern KF8A100GQT.asm
                      _PA   0x000424       data     extern KF8A100GQT.asm
               _PALR_bits   0x000425       data     extern KF8A100GQT.asm
                    _PALR   0x000425       data     extern KF8A100GQT.asm
                _TRA_bits   0x000426       data     extern KF8A100GQT.asm
                     _TRA   0x000426       data     extern KF8A100GQT.asm
               _PURA_bits   0x000427       data     extern KF8A100GQT.asm
                    _PURA   0x000427       data     extern KF8A100GQT.asm
               _ANSA_bits   0x000428       data     extern KF8A100GQT.asm
                    _ANSA   0x000428       data     extern KF8A100GQT.asm
                 _PB_bits   0x000429       data     extern KF8A100GQT.asm
                      _PB   0x000429       data     extern KF8A100GQT.asm
               _PBLR_bits   0x00042a       data     extern KF8A100GQT.asm
                    _PBLR   0x00042a       data     extern KF8A100GQT.asm
                _TRB_bits   0x00042b       data     extern KF8A100GQT.asm
                     _TRB   0x00042b       data     extern KF8A100GQT.asm
               _PURB_bits   0x00042c       data     extern KF8A100GQT.asm
                    _PURB   0x00042c       data     extern KF8A100GQT.asm
               _ANSB_bits   0x00042d       data     extern KF8A100GQT.asm
                    _ANSB   0x00042d       data     extern KF8A100GQT.asm
             _RSCTL4_bits   0x000430       data     extern KF8A100GQT.asm
                  _RSCTL4   0x000430       data     extern KF8A100GQT.asm
                  _TXSDR4   0x000431       data     extern KF8A100GQT.asm
                  _RXSDR4   0x000432       data     extern KF8A100GQT.asm
             _BRCTL4_bits   0x000433       data     extern KF8A100GQT.asm
                  _BRCTL4   0x000433       data     extern KF8A100GQT.asm
             _TSCTL4_bits   0x000434       data     extern KF8A100GQT.asm
                  _TSCTL4   0x000434       data     extern KF8A100GQT.asm
                 _EUBRGL4   0x000435       data     extern KF8A100GQT.asm
                 _EUBRGH4   0x000436       data     extern KF8A100GQT.asm
          _UADMATCH4_bits   0x000438       data     extern KF8A100GQT.asm
               _UADMATCH4   0x000438       data     extern KF8A100GQT.asm
             _SLPEN4_bits   0x000439       data     extern KF8A100GQT.asm
                  _SLPEN4   0x000439       data     extern KF8A100GQT.asm
           _UPINSET4_bits   0x00043a       data     extern KF8A100GQT.asm
                _UPINSET4   0x00043a       data     extern KF8A100GQT.asm
            _P3ASCTL_bits   0x000440       data     extern KF8A100GQT.asm
                 _P3ASCTL   0x000440       data     extern KF8A100GQT.asm
           _P3ATRCTL_bits   0x000441       data     extern KF8A100GQT.asm
                _P3ATRCTL   0x000441       data     extern KF8A100GQT.asm
                    _PP3H   0x000442       data     extern KF8A100GQT.asm
                    _PP3L   0x000443       data     extern KF8A100GQT.asm
           _PWM3CTL0_bits   0x000444       data     extern KF8A100GQT.asm
                _PWM3CTL0   0x000444       data     extern KF8A100GQT.asm
           _PWM3CTL1_bits   0x000445       data     extern KF8A100GQT.asm
                _PWM3CTL1   0x000445       data     extern KF8A100GQT.asm
                  _PWM3H0   0x000446       data     extern KF8A100GQT.asm
                  _PWM3H1   0x000447       data     extern KF8A100GQT.asm
                  _PWM3L0   0x000448       data     extern KF8A100GQT.asm
                  _PWM3L1   0x000449       data     extern KF8A100GQT.asm
                  _T8CCRH   0x00044a       data     extern KF8A100GQT.asm
                  _T8CCRL   0x00044b       data     extern KF8A100GQT.asm
              _T8CTL_bits   0x00044c       data     extern KF8A100GQT.asm
                   _T8CTL   0x00044c       data     extern KF8A100GQT.asm
                     _T8H   0x00044d       data     extern KF8A100GQT.asm
                     _T8L   0x00044e       data     extern KF8A100GQT.asm
            _P4ASCTL_bits   0x00044f       data     extern KF8A100GQT.asm
                 _P4ASCTL   0x00044f       data     extern KF8A100GQT.asm
           _P4ATRCTL_bits   0x000450       data     extern KF8A100GQT.asm
                _P4ATRCTL   0x000450       data     extern KF8A100GQT.asm
                    _PP4H   0x000451       data     extern KF8A100GQT.asm
                    _PP4L   0x000452       data     extern KF8A100GQT.asm
           _PWM4CTL0_bits   0x000453       data     extern KF8A100GQT.asm
                _PWM4CTL0   0x000453       data     extern KF8A100GQT.asm
           _PWM4CTL1_bits   0x000454       data     extern KF8A100GQT.asm
                _PWM4CTL1   0x000454       data     extern KF8A100GQT.asm
                  _PWM4H0   0x000455       data     extern KF8A100GQT.asm
                  _PWM4H1   0x000456       data     extern KF8A100GQT.asm
                  _PWM4L0   0x000457       data     extern KF8A100GQT.asm
                  _PWM4L1   0x000458       data     extern KF8A100GQT.asm
                  _T9CCRH   0x000459       data     extern KF8A100GQT.asm
                  _T9CCRL   0x00045a       data     extern KF8A100GQT.asm
              _T9CTL_bits   0x00045b       data     extern KF8A100GQT.asm
                   _T9CTL   0x00045b       data     extern KF8A100GQT.asm
                     _T9H   0x00045c       data     extern KF8A100GQT.asm
                     _T9L   0x00045d       data     extern KF8A100GQT.asm
            _APFCTL2_bits   0x00045e       data     extern KF8A100GQT.asm
                 _APFCTL2   0x00045e       data     extern KF8A100GQT.asm
            _APFCTL3_bits   0x00045f       data     extern KF8A100GQT.asm
                 _APFCTL3   0x00045f       data     extern KF8A100GQT.asm
            _APFCTL4_bits   0x000460       data     extern KF8A100GQT.asm
                 _APFCTL4   0x000460       data     extern KF8A100GQT.asm
            _APFCTL5_bits   0x000461       data     extern KF8A100GQT.asm
                 _APFCTL5   0x000461       data     extern KF8A100GQT.asm
            _APFCTL6_bits   0x000462       data     extern KF8A100GQT.asm
                 _APFCTL6   0x000462       data     extern KF8A100GQT.asm
            _APFCTL7_bits   0x000463       data     extern KF8A100GQT.asm
                 _APFCTL7   0x000463       data     extern KF8A100GQT.asm
            _APFCTL8_bits   0x000464       data     extern KF8A100GQT.asm
                 _APFCTL8   0x000464       data     extern KF8A100GQT.asm
            _APFCTL9_bits   0x000465       data     extern KF8A100GQT.asm
                 _APFCTL9   0x000465       data     extern KF8A100GQT.asm
           _APFCTL10_bits   0x000466       data     extern KF8A100GQT.asm
                _APFCTL10   0x000466       data     extern KF8A100GQT.asm
           _APFCTL11_bits   0x000467       data     extern KF8A100GQT.asm
                _APFCTL11   0x000467       data     extern KF8A100GQT.asm
           _APFCTL12_bits   0x000468       data     extern KF8A100GQT.asm
                _APFCTL12   0x000468       data     extern KF8A100GQT.asm
          _ADCOFFSET_bits   0x000505       data     extern KF8A100GQT.asm
               _ADCOFFSET   0x000505       data     extern KF8A100GQT.asm
           _P7ATRCTL_bits   0x000509       data     extern KF8A100GQT.asm
                _P7ATRCTL   0x000509       data     extern KF8A100GQT.asm
                   _PP70H   0x00050c       data     extern KF8A100GQT.asm
                   _PP70L   0x00050d       data     extern KF8A100GQT.asm
                   _PP71H   0x00050e       data     extern KF8A100GQT.asm
                   _PP71L   0x00050f       data     extern KF8A100GQT.asm
           _PWM7CTL0_bits   0x000510       data     extern KF8A100GQT.asm
                _PWM7CTL0   0x000510       data     extern KF8A100GQT.asm
           _PWM7CTL2_bits   0x000512       data     extern KF8A100GQT.asm
                _PWM7CTL2   0x000512       data     extern KF8A100GQT.asm
             _T5CTL1_bits   0x000515       data     extern KF8A100GQT.asm
                  _T5CTL1   0x000515       data     extern KF8A100GQT.asm
             _PLLCTL_bits   0x000516       data     extern KF8A100GQT.asm
                  _PLLCTL   0x000516       data     extern KF8A100GQT.asm
              _CANIE_bits   0x000518       data     extern KF8A100GQT.asm
                   _CANIE   0x000518       data     extern KF8A100GQT.asm
              _CANIF_bits   0x000519       data     extern KF8A100GQT.asm
                   _CANIF   0x000519       data     extern KF8A100GQT.asm
               _CANP_bits   0x00051a       data     extern KF8A100GQT.asm
                    _CANP   0x00051a       data     extern KF8A100GQT.asm
               _EIE6_bits   0x00051b       data     extern KF8A100GQT.asm
                    _EIE6   0x00051b       data     extern KF8A100GQT.asm
               _EIF6_bits   0x00051c       data     extern KF8A100GQT.asm
                    _EIF6   0x00051c       data     extern KF8A100GQT.asm
                _IP6_bits   0x00051d       data     extern KF8A100GQT.asm
                     _IP6   0x00051d       data     extern KF8A100GQT.asm
           _CANTXINF_bits   0x000530       data     extern KF8A100GQT.asm
                _CANTXINF   0x000530       data     extern KF8A100GQT.asm
           _CANTXID0_bits   0x000531       data     extern KF8A100GQT.asm
                _CANTXID0   0x000531       data     extern KF8A100GQT.asm
           _CANTXID1_bits   0x000532       data     extern KF8A100GQT.asm
                _CANTXID1   0x000532       data     extern KF8A100GQT.asm
           _CANTXID2_bits   0x000533       data     extern KF8A100GQT.asm
                _CANTXID2   0x000533       data     extern KF8A100GQT.asm
           _CANTXID3_bits   0x000534       data     extern KF8A100GQT.asm
                _CANTXID3   0x000534       data     extern KF8A100GQT.asm
                _CANTXDT0   0x000535       data     extern KF8A100GQT.asm
                _CANTXDT1   0x000536       data     extern KF8A100GQT.asm
                _CANTXDT2   0x000537       data     extern KF8A100GQT.asm
                _CANTXDT3   0x000538       data     extern KF8A100GQT.asm
                _CANTXDT4   0x000539       data     extern KF8A100GQT.asm
                _CANTXDT5   0x00053a       data     extern KF8A100GQT.asm
                _CANTXDT6   0x00053b       data     extern KF8A100GQT.asm
                _CANTXDT7   0x00053c       data     extern KF8A100GQT.asm
             _CANMOD_bits   0x00053d       data     extern KF8A100GQT.asm
                  _CANMOD   0x00053d       data     extern KF8A100GQT.asm
             _CANCMR_bits   0x00053e       data     extern KF8A100GQT.asm
                  _CANCMR   0x00053e       data     extern KF8A100GQT.asm
             _CANSTA_bits   0x00053f       data     extern KF8A100GQT.asm
                  _CANSTA   0x00053f       data     extern KF8A100GQT.asm
             _CANBTR_bits   0x000540       data     extern KF8A100GQT.asm
                  _CANBTR   0x000540       data     extern KF8A100GQT.asm
             _CANSEG_bits   0x000541       data     extern KF8A100GQT.asm
                  _CANSEG   0x000541       data     extern KF8A100GQT.asm
             _CANALC_bits   0x000542       data     extern KF8A100GQT.asm
                  _CANALC   0x000542       data     extern KF8A100GQT.asm
             _CANECC_bits   0x000543       data     extern KF8A100GQT.asm
                  _CANECC   0x000543       data     extern KF8A100GQT.asm
             _CANEWL_bits   0x000544       data     extern KF8A100GQT.asm
                  _CANEWL   0x000544       data     extern KF8A100GQT.asm
             _CANRXE_bits   0x000545       data     extern KF8A100GQT.asm
                  _CANRXE   0x000545       data     extern KF8A100GQT.asm
             _CANTXE_bits   0x000546       data     extern KF8A100GQT.asm
                  _CANTXE   0x000546       data     extern KF8A100GQT.asm
             _CANRMC_bits   0x000547       data     extern KF8A100GQT.asm
                  _CANRMC   0x000547       data     extern KF8A100GQT.asm
            _CANACR0_bits   0x000548       data     extern KF8A100GQT.asm
                 _CANACR0   0x000548       data     extern KF8A100GQT.asm
            _CANACR1_bits   0x000549       data     extern KF8A100GQT.asm
                 _CANACR1   0x000549       data     extern KF8A100GQT.asm
            _CANACR2_bits   0x00054a       data     extern KF8A100GQT.asm
                 _CANACR2   0x00054a       data     extern KF8A100GQT.asm
            _CANACR3_bits   0x00054b       data     extern KF8A100GQT.asm
                 _CANACR3   0x00054b       data     extern KF8A100GQT.asm
            _CANMSK0_bits   0x00054c       data     extern KF8A100GQT.asm
                 _CANMSK0   0x00054c       data     extern KF8A100GQT.asm
            _CANMSK1_bits   0x00054d       data     extern KF8A100GQT.asm
                 _CANMSK1   0x00054d       data     extern KF8A100GQT.asm
            _CANMSK2_bits   0x00054e       data     extern KF8A100GQT.asm
                 _CANMSK2   0x00054e       data     extern KF8A100GQT.asm
            _CANMSK3_bits   0x00054f       data     extern KF8A100GQT.asm
                 _CANMSK3   0x00054f       data     extern KF8A100GQT.asm
             _T5CTL0_bits   0x000550       data     extern KF8A100GQT.asm
                  _T5CTL0   0x000550       data     extern KF8A100GQT.asm
                     _T5H   0x000551       data     extern KF8A100GQT.asm
                     _T5L   0x000552       data     extern KF8A100GQT.asm
             _T6CTL1_bits   0x000553       data     extern KF8A100GQT.asm
                  _T6CTL1   0x000553       data     extern KF8A100GQT.asm
             _T6CTL0_bits   0x000554       data     extern KF8A100GQT.asm
                  _T6CTL0   0x000554       data     extern KF8A100GQT.asm
                     _T6H   0x000555       data     extern KF8A100GQT.asm
                     _T6L   0x000556       data     extern KF8A100GQT.asm
                  _PWM7L0   0x00055a       data     extern KF8A100GQT.asm
                  _PWM7H0   0x00055b       data     extern KF8A100GQT.asm
                  _PWM7L1   0x00055c       data     extern KF8A100GQT.asm
                  _PWM7H1   0x00055d       data     extern KF8A100GQT.asm
                  _PWM7L2   0x00055e       data     extern KF8A100GQT.asm
                  _PWM7H2   0x00055f       data     extern KF8A100GQT.asm
                 _T5CCR0H   0x000563       data     extern KF8A100GQT.asm
                 _T5CCR0L   0x000564       data     extern KF8A100GQT.asm
                 _T5CCR1H   0x000565       data     extern KF8A100GQT.asm
                 _T5CCR1L   0x000566       data     extern KF8A100GQT.asm
                 _T6CCR0H   0x000567       data     extern KF8A100GQT.asm
                 _T6CCR0L   0x000568       data     extern KF8A100GQT.asm
                  _PWM7L3   0x00056a       data     extern KF8A100GQT.asm
                  _PWM7H3   0x00056b       data     extern KF8A100GQT.asm
             _PWM7PC_bits   0x00056d       data     extern KF8A100GQT.asm
                  _PWM7PC   0x00056d       data     extern KF8A100GQT.asm
                  _PWM5H2   0x000620       data     extern KF8A100GQT.asm
                  _PWM5H3   0x000621       data     extern KF8A100GQT.asm
                  _PWM5L0   0x000622       data     extern KF8A100GQT.asm
                  _PWM5L1   0x000623       data     extern KF8A100GQT.asm
                  _PWM5L2   0x000624       data     extern KF8A100GQT.asm
                  _PWM5L3   0x000625       data     extern KF8A100GQT.asm
             _PWM5OC_bits   0x000626       data     extern KF8A100GQT.asm
                  _PWM5OC   0x000626       data     extern KF8A100GQT.asm
             _PWM5PC_bits   0x000627       data     extern KF8A100GQT.asm
                  _PWM5PC   0x000627       data     extern KF8A100GQT.asm
            _T10CTL1_bits   0x000628       data     extern KF8A100GQT.asm
                 _T10CTL1   0x000628       data     extern KF8A100GQT.asm
                _T10CCR0H   0x000629       data     extern KF8A100GQT.asm
                _T10CCR0L   0x00062a       data     extern KF8A100GQT.asm
                _T10CCR1H   0x00062b       data     extern KF8A100GQT.asm
                _T10CCR1L   0x00062c       data     extern KF8A100GQT.asm
            _T10CTL0_bits   0x00062d       data     extern KF8A100GQT.asm
                 _T10CTL0   0x00062d       data     extern KF8A100GQT.asm
                    _T10L   0x00062e       data     extern KF8A100GQT.asm
                    _T10H   0x00062f       data     extern KF8A100GQT.asm
               _EIF8_bits   0x000630       data     extern KF8A100GQT.asm
                    _EIF8   0x000630       data     extern KF8A100GQT.asm
               _EIE8_bits   0x000631       data     extern KF8A100GQT.asm
                    _EIE8   0x000631       data     extern KF8A100GQT.asm
                _IP8_bits   0x000632       data     extern KF8A100GQT.asm
                     _IP8   0x000632       data     extern KF8A100GQT.asm
            _ADCCTL3_bits   0x000633       data     extern KF8A100GQT.asm
                 _ADCCTL3   0x000633       data     extern KF8A100GQT.asm
           _P5ASCTL0_bits   0x000634       data     extern KF8A100GQT.asm
                _P5ASCTL0   0x000634       data     extern KF8A100GQT.asm
           _P5ASCTL1_bits   0x000635       data     extern KF8A100GQT.asm
                _P5ASCTL1   0x000635       data     extern KF8A100GQT.asm
          _P5STRCTL0_bits   0x000636       data     extern KF8A100GQT.asm
               _P5STRCTL0   0x000636       data     extern KF8A100GQT.asm
          _P5STRCTL1_bits   0x000637       data     extern KF8A100GQT.asm
               _P5STRCTL1   0x000637       data     extern KF8A100GQT.asm
                    _PP5H   0x000638       data     extern KF8A100GQT.asm
                    _PP5L   0x000639       data     extern KF8A100GQT.asm
           _PWM5CTL0_bits   0x00063a       data     extern KF8A100GQT.asm
                _PWM5CTL0   0x00063a       data     extern KF8A100GQT.asm
           _PWM5CTL1_bits   0x00063b       data     extern KF8A100GQT.asm
                _PWM5CTL1   0x00063b       data     extern KF8A100GQT.asm
           _PWM5CTL2_bits   0x00063c       data     extern KF8A100GQT.asm
                _PWM5CTL2   0x00063c       data     extern KF8A100GQT.asm
             _PWM5FC_bits   0x00063d       data     extern KF8A100GQT.asm
                  _PWM5FC   0x00063d       data     extern KF8A100GQT.asm
                  _PWM5H0   0x00063e       data     extern KF8A100GQT.asm
                  _PWM5H1   0x00063f       data     extern KF8A100GQT.asm
                 _startup   0x007099    program     extern startup_KF8A100GQT.S
                   _cinit   0x0070be    program     extern  
            clearbssblock   0x0070c9    program     extern  
 
